[2025-10-30 20:15:20.202503] Preprocess data method called
[2025-10-30 20:15:29.134460] Preprocess data method called
[2025-10-30 20:16:03.142808] Preprocess data method called
[2025-10-30 20:16:16.062652] Preprocess data method called
[2025-10-30 20:23:42.652074] Preprocess data method called
[2025-10-30 20:23:50.283671] Preprocess data method called
[2025-10-30 22:31:49.771317] Preprocess data method called
[2025-10-30 22:31:59.289595] Preprocess data method called
[2025-10-31 14:22:38.440187] Preprocess data method called
[2025-10-31 14:23:18.875418] Preprocess data method called
[2025-10-31 15:08:13.166223] Preprocess data method called
[2025-10-31 15:08:14.643964] Error creating comparison view: 'OpenEphysMainWindow' object has no attribute 'comparison_plot_widget'
Traceback (most recent call last):
  File "/Users/yaslaby/Documents/PyQt5_project/main.py", line 1138, in create_comparison_view
    plot_container_layout.addWidget(self.comparison_plot_widget)
                                    ^^^^^^^^^^^^^^^^^^^^^^^^^^^
AttributeError: 'OpenEphysMainWindow' object has no attribute 'comparison_plot_widget'

[2025-10-31 15:08:33.752476] Preprocess data method called
[2025-10-31 15:08:35.149619] Error creating comparison view: 'OpenEphysMainWindow' object has no attribute 'comparison_plot_widget'
Traceback (most recent call last):
  File "/Users/yaslaby/Documents/PyQt5_project/main.py", line 1185, in create_comparison_view
    self.comparison_plot_widget, self.annotation_manager
    ^^^^^^^^^^^^^^^^^^^^^^^^^^^
AttributeError: 'OpenEphysMainWindow' object has no attribute 'comparison_plot_widget'

[2025-10-31 15:08:48.661926] Preprocess data method called
[2025-10-31 15:08:50.136216] Error creating comparison view: 'OpenEphysMainWindow' object has no attribute 'comparison_plot_widget'
Traceback (most recent call last):
  File "/Users/yaslaby/Documents/PyQt5_project/main.py", line 1185, in create_comparison_view
    self.comparison_plot_widget, self.annotation_manager
    ^^^^^^^^^^^^^^^^^^^^^^^^^^^
AttributeError: 'OpenEphysMainWindow' object has no attribute 'comparison_plot_widget'

[2025-10-31 17:56:44.228466] Preprocess data method called
[2025-10-31 17:56:45.445204] Error creating comparison view: 'OpenEphysMainWindow' object has no attribute 'comparison_plot_widget'
Traceback (most recent call last):
  File "/Users/yaslaby/Documents/PyQt5_project/main.py", line 1138, in create_comparison_view
    plot_container_layout.addWidget(self.comparison_plot_widget)
                                    ^^^^^^^^^^^^^^^^^^^^^^^^^^^
AttributeError: 'OpenEphysMainWindow' object has no attribute 'comparison_plot_widget'

[2025-11-12 14:42:14.779342] Preprocess data method called
[2025-11-12 14:42:16.719448] Error creating comparison view: 'OpenEphysMainWindow' object has no attribute 'comparison_plot_widget'
Traceback (most recent call last):
  File "/Users/yaslaby/Documents/PyQt5_project/main.py", line 1138, in create_comparison_view
    plot_container_layout.addWidget(self.comparison_plot_widget)
                                    ^^^^^^^^^^^^^^^^^^^^^^^^^^^
AttributeError: 'OpenEphysMainWindow' object has no attribute 'comparison_plot_widget'

[2025-11-12 14:42:26.373432] Preprocess data method called
[2025-11-12 14:42:27.751292] Error creating comparison view: 'OpenEphysMainWindow' object has no attribute 'comparison_plot_widget'
Traceback (most recent call last):
  File "/Users/yaslaby/Documents/PyQt5_project/main.py", line 1185, in create_comparison_view
    self.comparison_plot_widget, self.annotation_manager
    ^^^^^^^^^^^^^^^^^^^^^^^^^^^
AttributeError: 'OpenEphysMainWindow' object has no attribute 'comparison_plot_widget'

[2025-11-12 14:47:07.976163] Preprocess data method called
[2025-11-12 14:47:09.981342] Error creating comparison view: 'OpenEphysMainWindow' object has no attribute 'comparison_plot_widget'
Traceback (most recent call last):
  File "/Users/yaslaby/Documents/PyQt5_project/main.py", line 1185, in create_comparison_view
    self.comparison_plot_widget, self.annotation_manager
    ^^^^^^^^^^^^^^^^^^^^^^^^^^^
AttributeError: 'OpenEphysMainWindow' object has no attribute 'comparison_plot_widget'

[2025-11-12 14:56:08.051593] Preprocess data method called
[2025-11-12 14:56:10.077852] Error creating comparison view: 'OpenEphysMainWindow' object has no attribute 'comparison_plot_widget'
Traceback (most recent call last):
  File "/Users/yaslaby/Documents/PyQt5_project/main.py", line 1138, in create_comparison_view
    plot_container_layout.addWidget(self.comparison_plot_widget)
                                    ^^^^^^^^^^^^^^^^^^^^^^^^^^^
AttributeError: 'OpenEphysMainWindow' object has no attribute 'comparison_plot_widget'

[2025-11-12 15:02:36.094598] Preprocess data method called
[2025-11-12 15:02:38.269548] Error creating comparison view: 'OpenEphysMainWindow' object has no attribute 'comparison_plot_widget'
Traceback (most recent call last):
  File "/Users/yaslaby/Documents/PyQt5_project/main.py", line 1138, in create_comparison_view
    plot_container_layout.addWidget(self.comparison_plot_widget)
                                    ^^^^^^^^^^^^^^^^^^^^^^^^^^^
AttributeError: 'OpenEphysMainWindow' object has no attribute 'comparison_plot_widget'

[2025-11-12 15:19:15.926453] Preprocess data method called
[2025-11-13 09:43:48.215478] Preprocess data method called
[2025-11-13 09:43:55.642289] Preprocess data method called
[2025-11-13 12:05:21.835568] Preprocess data method called
[2025-11-13 12:14:36.104751] Preprocess data method called
[2025-11-13 12:14:37.567658] Error creating comparison view: name 'QSizePolicy' is not defined
Traceback (most recent call last):
  File "/Users/yaslaby/Documents/PyQt5_project/main.py", line 1156, in create_comparison_view
    QSizePolicy.Expanding,
    ^^^^^^^^^^^
NameError: name 'QSizePolicy' is not defined

